#-----------------------------------------------------------
# Vivado v2024.2 (64-bit)
# SW Build 5239630 on Fri Nov 08 22:34:34 MST 2024
# IP Build 5239520 on Sun Nov 10 16:12:51 MST 2024
# SharedData Build 5239561 on Fri Nov 08 14:39:27 MST 2024
# Start of session at: Mon Apr 20 23:55:46 2026
# Process ID         : 320542
# Current directory  : /home/f4bjh/devel/Rf-Test-BJH/hw/freq_front_end/reciproq_freq_meas/reciproq_freq_meas.runs/clk_wiz_0_synth_1
# Command line       : vivado -log clk_wiz_0.vds -product Vivado -mode batch -messageDb vivado.pb -notrace -source clk_wiz_0.tcl
# Log file           : /home/f4bjh/devel/Rf-Test-BJH/hw/freq_front_end/reciproq_freq_meas/reciproq_freq_meas.runs/clk_wiz_0_synth_1/clk_wiz_0.vds
# Journal file       : /home/f4bjh/devel/Rf-Test-BJH/hw/freq_front_end/reciproq_freq_meas/reciproq_freq_meas.runs/clk_wiz_0_synth_1/vivado.jou
# Running On         : f4bjh-minipc
# Platform           : Ubuntu
# Operating System   : Ubuntu 24.04.4 LTS
# Processor Detail   : AMD Ryzen 7 5700U with Radeon Graphics
# CPU Frequency      : 2139.387 MHz
# CPU Physical cores : 8
# CPU Logical cores  : 16
# Host memory        : 33021 MB
# Swap memory        : 2147 MB
# Total Virtual      : 35169 MB
# Available Virtual  : 27885 MB
#-----------------------------------------------------------
source clk_wiz_0.tcl -notrace
