#-----------------------------------------------------------
# Vivado v2024.2 (64-bit)
# SW Build 5239630 on Fri Nov 08 22:34:34 MST 2024
# IP Build 5239520 on Sun Nov 10 16:12:51 MST 2024
# SharedData Build 5239561 on Fri Nov 08 14:39:27 MST 2024
# Start of session at: Wed Sep 10 21:52:20 2025
# Process ID         : 18333
# Current directory  : /home/f4bjh/devel/Rf-Test-BJH/tests/hf_gen_fpga/Cmod_A7-hf_gen_fpga/Cmod_A7-hf_gen_fpga.runs/impl_1
# Command line       : vivado -log hf_gen_fpga.vdi -applog -product Vivado -messageDb vivado.pb -mode batch -source hf_gen_fpga.tcl -notrace
# Log file           : /home/f4bjh/devel/Rf-Test-BJH/tests/hf_gen_fpga/Cmod_A7-hf_gen_fpga/Cmod_A7-hf_gen_fpga.runs/impl_1/hf_gen_fpga.vdi
# Journal file       : /home/f4bjh/devel/Rf-Test-BJH/tests/hf_gen_fpga/Cmod_A7-hf_gen_fpga/Cmod_A7-hf_gen_fpga.runs/impl_1/vivado.jou
# Running On         : f4bjh-minipc
# Platform           : Ubuntu
# Operating System   : Ubuntu 24.04.3 LTS
# Processor Detail   : AMD Ryzen 7 5700U with Radeon Graphics
# CPU Frequency      : 4295.489 MHz
# CPU Physical cores : 8
# CPU Logical cores  : 16
# Host memory        : 33021 MB
# Swap memory        : 2147 MB
# Total Virtual      : 35169 MB
# Available Virtual  : 28125 MB
#-----------------------------------------------------------
source hf_gen_fpga.tcl -notrace
